+------+------+------+------+------+
|   B  |   I  |   N  |   G  |   O  |
+------+------+------+------+------+
|  04  |  22  |  45  |  46  |  65 x|
|  06  |  27  | (43) |  54  |  67  |
|  05  |  19  | free |  49  |  70  |
|  07  |  20  |  38  |  56  |  74  |
|  02  |  16  |  41  |  58  | (73)x|
+------+------+------+------+------+
